      <div class="information_message">
          <div class="message">
