<label class="showthis" for="RequiredString">RequiredString</label>